---
source: tests/snapshot_tests.rs
expression: ops
---
- agentActivityCreate
- agentActivityCreatePrompt
- agentSessionCreate
- agentSessionCreateOnComment
- agentSessionCreateOnIssue
- agentSessionUpdate
- agentSessionUpdateExternalUrl
- airbyteIntegrationConnect
- asksWebFormsAuth
- attachmentCreate
- attachmentDelete
- attachmentLinkDiscord
- attachmentLinkFront
- attachmentLinkGitHubIssue
- attachmentLinkGitHubPR
- attachmentLinkGitLabMR
- attachmentLinkIntercom
- attachmentLinkJiraIssue
- attachmentLinkSalesforce
- attachmentLinkSlack
- attachmentLinkURL
- attachmentLinkZendesk
- attachmentSyncToSlack
- attachmentUpdate
- commentCreate
- commentDelete
- commentResolve
- commentUnresolve
- commentUpdate
- contactCreate
- contactSalesCreate
- createCsvExportReport
- createInitiativeUpdateReminder
- createOrganizationFromOnboarding
- createProjectUpdateReminder
- customViewCreate
- customViewDelete
- customViewUpdate
- customerCreate
- customerDelete
- customerMerge
- customerNeedArchive
- customerNeedCreate
- customerNeedCreateFromAttachment
- customerNeedDelete
- customerNeedUnarchive
- customerNeedUpdate
- customerStatusCreate
- customerStatusDelete
- customerStatusUpdate
- customerTierCreate
- customerTierDelete
- customerTierUpdate
- customerUnsync
- customerUpdate
- customerUpsert
- cycleArchive
- cycleCreate
- cycleShiftAll
- cycleStartUpcomingCycleToday
- cycleUpdate
- documentCreate
- documentDelete
- documentUnarchive
- documentUpdate
- emailIntakeAddressCreate
- emailIntakeAddressDelete
- emailIntakeAddressRotate
- emailIntakeAddressUpdate
- emailTokenUserAccountAuth
- emailUnsubscribe
- emailUserAccountAuthChallenge
- emojiCreate
- emojiDelete
- entityExternalLinkCreate
- entityExternalLinkDelete
- entityExternalLinkUpdate
- favoriteCreate
- favoriteDelete
- favoriteUpdate
- fileUpload
- fileUploadDangerouslyDelete
- gitAutomationStateCreate
- gitAutomationStateDelete
- gitAutomationStateUpdate
- gitAutomationTargetBranchCreate
- gitAutomationTargetBranchDelete
- gitAutomationTargetBranchUpdate
- googleUserAccountAuth
- imageUploadFromUrl
- importFileUpload
- initiativeArchive
- initiativeCreate
- initiativeDelete
- initiativeRelationCreate
- initiativeRelationDelete
- initiativeRelationUpdate
- initiativeToProjectCreate
- initiativeToProjectDelete
- initiativeToProjectUpdate
- initiativeUnarchive
- initiativeUpdate
- initiativeUpdateArchive
- initiativeUpdateCreate
- initiativeUpdateUnarchive
- initiativeUpdateUpdate
- integrationArchive
- integrationAsksConnectChannel
- integrationCustomerDataAttributesRefresh
- integrationDelete
- integrationDiscord
- integrationFigma
- integrationFront
- integrationGitHubEnterpriseServerConnect
- integrationGitHubPersonal
- integrationGithubCommitCreate
- integrationGithubConnect
- integrationGithubImportConnect
- integrationGithubImportRefresh
- integrationGitlabConnect
- integrationGong
- integrationGoogleCalendarPersonalConnect
- integrationGoogleSheets
- integrationIntercom
- integrationIntercomDelete
- integrationIntercomSettingsUpdate
- integrationJiraPersonal
- integrationJiraUpdate
- integrationLaunchDarklyConnect
- integrationLaunchDarklyPersonalConnect
- integrationLoom
- integrationMcpServerConnect
- integrationMcpServerPersonalConnect
- integrationOpsgenieConnect
- integrationOpsgenieRefreshScheduleMappings
- integrationPagerDutyConnect
- integrationPagerDutyRefreshScheduleMappings
- integrationRequest
- integrationSalesforce
- integrationSalesforceMetadataRefresh
- integrationSentryConnect
- integrationSettingsUpdate
- integrationSlack
- integrationSlackAsks
- integrationSlackCustomViewNotifications
- integrationSlackCustomerChannelLink
- integrationSlackImportEmojis
- integrationSlackInitiativePost
- integrationSlackOrAsksUpdateSlackTeamName
- integrationSlackOrgInitiativeUpdatesPost
- integrationSlackOrgProjectUpdatesPost
- integrationSlackPersonal
- integrationSlackPost
- integrationSlackProjectPost
- integrationSlackWorkflowAccessUpdate
- integrationTemplateCreate
- integrationTemplateDelete
- integrationUpdate
- integrationZendesk
- integrationsSettingsCreate
- integrationsSettingsUpdate
- issueAddLabel
- issueArchive
- issueBatchCreate
- issueBatchUpdate
- issueCreate
- issueDelete
- issueDescriptionUpdateFromFront
- issueExternalSyncDisable
- issueImportCreateAsana
- issueImportCreateCSVJira
- issueImportCreateClubhouse
- issueImportCreateGithub
- issueImportCreateJira
- issueImportCreateLinearV2
- issueImportDelete
- issueImportProcess
- issueImportUpdate
- issueLabelCreate
- issueLabelDelete
- issueLabelRestore
- issueLabelRetire
- issueLabelUpdate
- issueRelationCreate
- issueRelationDelete
- issueRelationUpdate
- issueReminder
- issueRemoveLabel
- issueSubscribe
- issueToReleaseCreate
- issueToReleaseDelete
- issueToReleaseDeleteByIssueAndRelease
- issueUnarchive
- issueUnsubscribe
- issueUpdate
- jiraIntegrationConnect
- joinOrganizationFromOnboarding
- leaveOrganization
- logout
- logoutAllSessions
- logoutOtherSessions
- logoutSession
- notificationArchive
- notificationArchiveAll
- notificationCategoryChannelSubscriptionUpdate
- notificationMarkReadAll
- notificationMarkUnreadAll
- notificationSnoozeAll
- notificationSubscriptionCreate
- notificationSubscriptionDelete
- notificationSubscriptionUpdate
- notificationUnarchive
- notificationUnsnoozeAll
- notificationUpdate
- organizationCancelDelete
- organizationDelete
- organizationDeleteChallenge
- organizationDomainClaim
- organizationDomainCreate
- organizationDomainDelete
- organizationDomainUpdate
- organizationDomainVerify
- organizationInviteCreate
- organizationInviteDelete
- organizationInviteUpdate
- organizationStartTrial
- organizationStartTrialForPlan
- organizationUpdate
- passkeyLoginFinish
- passkeyLoginStart
- projectAddLabel
- projectArchive
- projectCreate
- projectDelete
- projectExternalSyncDisable
- projectLabelCreate
- projectLabelDelete
- projectLabelRestore
- projectLabelRetire
- projectLabelUpdate
- projectMilestoneCreate
- projectMilestoneDelete
- projectMilestoneMove
- projectMilestoneUpdate
- projectReassignStatus
- projectRelationCreate
- projectRelationDelete
- projectRelationUpdate
- projectRemoveLabel
- projectStatusArchive
- projectStatusCreate
- projectStatusUnarchive
- projectStatusUpdate
- projectUnarchive
- projectUpdate
- projectUpdateArchive
- projectUpdateCreate
- projectUpdateDelete
- projectUpdateUnarchive
- projectUpdateUpdate
- pushSubscriptionCreate
- pushSubscriptionDelete
- reactionCreate
- reactionDelete
- refreshGoogleSheetsData
- releaseArchive
- releaseCreate
- releasePipelineArchive
- releasePipelineCreate
- releasePipelineDelete
- releasePipelineUnarchive
- releasePipelineUpdate
- releaseStageArchive
- releaseStageCreate
- releaseStageUnarchive
- releaseStageUpdate
- releaseUnarchive
- releaseUpdate
- resendOrganizationInvite
- resendOrganizationInviteByEmail
- roadmapArchive
- roadmapCreate
- roadmapDelete
- roadmapToProjectCreate
- roadmapToProjectDelete
- roadmapToProjectUpdate
- roadmapUnarchive
- roadmapUpdate
- samlTokenUserAccountAuth
- teamCreate
- teamCyclesDelete
- teamDelete
- teamKeyDelete
- teamMembershipCreate
- teamMembershipDelete
- teamMembershipUpdate
- teamUnarchive
- teamUpdate
- templateCreate
- templateDelete
- templateUpdate
- timeScheduleCreate
- timeScheduleDelete
- timeScheduleRefreshIntegrationSchedule
- timeScheduleUpdate
- timeScheduleUpsertExternal
- triageResponsibilityCreate
- triageResponsibilityDelete
- triageResponsibilityUpdate
- updateIntegrationSlackScopes
- userChangeRole
- userDemoteAdmin
- userDemoteMember
- userDiscordConnect
- userExternalUserDisconnect
- userFlagUpdate
- userPromoteAdmin
- userPromoteMember
- userSettingsFlagsReset
- userSettingsUpdate
- userSuspend
- userUnlinkFromIdentityProvider
- userUnsuspend
- userUpdate
- viewPreferencesCreate
- viewPreferencesDelete
- viewPreferencesUpdate
- webhookCreate
- webhookDelete
- webhookUpdate
- workflowStateArchive
- workflowStateCreate
- workflowStateUpdate
