---
source: tests/snapshot_tests.rs
expression: resources
---
- administrableTeams
- agentActivities
- agentActivity
- agentSession
- agentSessions
- applicationInfo
- archivedTeams
- attachment
- attachmentIssue
- attachmentSources
- attachments
- attachmentsForURL
- auditEntries
- auditEntryTypes
- authenticationSessions
- availableUsers
- comment
- comments
- customView
- customViewDetailsSuggestion
- customViewHasSubscribers
- customViews
- customer
- customerNeed
- customerNeeds
- customerStatus
- customerStatuses
- customerTier
- customerTiers
- customers
- cycle
- cycles
- document
- documentContentHistory
- documents
- emailIntakeAddress
- emoji
- emojis
- entityExternalLink
- externalUser
- externalUsers
- failuresForOauthWebhooks
- favorite
- favorites
- fetchData
- initiative
- initiativeRelation
- initiativeRelations
- initiativeToProject
- initiativeToProjects
- initiativeUpdate
- initiativeUpdates
- initiatives
- integration
- integrationHasScopes
- integrationTemplate
- integrationTemplates
- integrations
- integrationsSettings
- issue
- issueFigmaFileKeySearch
- issueFilterSuggestion
- issueImportCheckCSV
- issueImportCheckSync
- issueImportJqlCheck
- issueLabel
- issueLabels
- issuePriorityValues
- issueRelation
- issueRelations
- issueRepositorySuggestions
- issueSearch
- issueTitleSuggestionFromCustomerRequest
- issueToRelease
- issueToReleases
- issueVcsBranchSearch
- issues
- notification
- notificationSubscription
- notificationSubscriptions
- notifications
- notificationsUnreadCount
- organization
- organizationDomainClaimRequest
- organizationExists
- organizationInvite
- organizationInviteDetails
- organizationInvites
- organizationMeta
- project
- projectFilterSuggestion
- projectLabel
- projectLabels
- projectMilestone
- projectMilestones
- projectRelation
- projectRelations
- projectStatus
- projectStatusProjectCount
- projectStatuses
- projectUpdate
- projectUpdates
- projects
- pushSubscriptionTest
- rateLimitStatus
- release
- releasePipeline
- releasePipelines
- releaseStage
- releaseStages
- releases
- roadmap
- roadmapToProject
- roadmapToProjects
- roadmaps
- searchDocuments
- searchIssues
- searchProjects
- semanticSearch
- ssoUrlFromEmail
- team
- teamMembership
- teamMemberships
- teams
- template
- templates
- templatesForIntegration
- timeSchedule
- timeSchedules
- triageResponsibilities
- triageResponsibility
- user
- userSettings
- users
- verifyGitHubEnterpriseServerInstallation
- viewer
- webhook
- webhooks
- workflowState
- workflowStates
